###############################################################################
#
# IAR ELF Linker V8.40.1.212/W32 for ARM                  11/Mar/2024  21:51:04
# Copyright 2007-2019 IAR Systems AB.
#
#    Output file  =
#        C:\Users\thinh\OneDrive\Máy
#        tính\lib_stm32f103\C&C++\Embedded_C99\Microcontroller\stm32f10x\test_lib\stm32f103c8t6\Debug\Exe\test.out
#    Map file     =
#        C:\Users\thinh\OneDrive\Máy
#        tính\lib_stm32f103\C&C++\Embedded_C99\Microcontroller\stm32f10x\test_lib\stm32f103c8t6\Debug\List\test.map
#    Command line =
#        -f C:\Users\thinh\AppData\Local\Temp\EWAD7D.tmp
#        ("C:\Users\thinh\OneDrive\Máy
#        tính\lib_stm32f103\C&C++\Embedded_C99\Microcontroller\stm32f10x\test_lib\stm32f103c8t6\Debug\Obj\gpio.o"
#        "C:\Users\thinh\OneDrive\Máy
#        tính\lib_stm32f103\C&C++\Embedded_C99\Microcontroller\stm32f10x\test_lib\stm32f103c8t6\Debug\Obj\led.o"
#        "C:\Users\thinh\OneDrive\Máy
#        tính\lib_stm32f103\C&C++\Embedded_C99\Microcontroller\stm32f10x\test_lib\stm32f103c8t6\Debug\Obj\main.o"
#        --no_out_extension -o "C:\Users\thinh\OneDrive\Máy
#        tính\lib_stm32f103\C&C++\Embedded_C99\Microcontroller\stm32f10x\test_lib\stm32f103c8t6\Debug\Exe\test.out"
#        --map "C:\Users\thinh\OneDrive\Máy
#        tính\lib_stm32f103\C&C++\Embedded_C99\Microcontroller\stm32f10x\test_lib\stm32f103c8t6\Debug\List\test.map"
#        --config "C:\Program Files (x86)\IAR Systems\Embedded Workbench
#        8.3\arm\config\linker\ST\stm32f103x8.icf" --semihosting --entry
#        __iar_program_start --vfe --text_out locale)
#
###############################################################################

*******************************************************************************
*** RUNTIME MODEL ATTRIBUTES
***

CppFlavor       = *
__SystemLibrary = DLib
__dlib_version  = 6


*******************************************************************************
*** HEAP SELECTION
***

The basic heap was selected because no calls to memory allocation
functions were found in the application outside of system library
functions, and there are calls to deallocation functions in the
application.


*******************************************************************************
*** PLACEMENT SUMMARY
***

"A0":  place at address 0x800'0000 { ro section .intvec };
"P1":  place in [from 0x800'0000 to 0x800'ffff] { ro };
define block CSTACK with size = 2K, alignment = 8 { };
define block HEAP with size = 2K, alignment = 8 { };
"P2":  place in [from 0x2000'0000 to 0x2000'4fff] {
          rw, block CSTACK, block HEAP };

  Section          Kind         Address   Size  Object
  -------          ----         -------   ----  ------
"A0":                                     0x40
  .intvec          ro code   0x800'0000   0x40  vector_table_M.o [3]
                           - 0x800'0040   0x40

"P1":                                    0x2b0
  .text            ro code   0x800'0040   0xf0  led.o [1]
  .text            ro code   0x800'0130   0x94  main.o [1]
  .text            ro code   0x800'01c4   0x66  gpio.o [1]
  .text            ro code   0x800'022a   0x3a  zero_init3.o [3]
  .text            ro code   0x800'0264   0x28  data_init.o [3]
  .iar.init_table  const     0x800'028c   0x10  - Linker created -
  .text            ro code   0x800'029c   0x1e  cmain.o [3]
  .text            ro code   0x800'02ba    0x4  low_level_init.o [2]
  .text            ro code   0x800'02be    0x4  exit.o [2]
  .text            ro code   0x800'02c2    0x2  vector_table_M.o [3]
  .text            ro code   0x800'02c4    0xa  cexit.o [3]
  .text            ro code   0x800'02d0   0x14  exit.o [4]
  .text            ro code   0x800'02e4    0xc  cstartup_M.o [3]
  .rodata          const     0x800'02f0    0x0  zero_init3.o [3]
                           - 0x800'02f0  0x2b0

"P2", part 1 of 2:                         0x4
  .bss             zero     0x2000'0000    0x1  main.o [1]
                          - 0x2000'0001    0x1

"P2", part 2 of 2:                       0x814
  .noinit          uninit   0x2000'0004   0x10  led.o [1]
  CSTACK                    0x2000'0018  0x800  <Block>
    CSTACK         uninit   0x2000'0018  0x800  <Block tail>
                          - 0x2000'0818  0x814

Absolute sections, part 1 of 4:           0x1c
  .noinit          uninit   0x4001'0800   0x1c  main.o [1]
                          - 0x4001'081c   0x1c

Absolute sections, part 2 of 4:           0x1c
  .noinit          uninit   0x4001'0c00   0x1c  main.o [1]
                          - 0x4001'0c1c   0x1c

Absolute sections, part 3 of 4:           0x1c
  .noinit          uninit   0x4001'1000   0x1c  main.o [1]
                          - 0x4001'101c   0x1c

Absolute sections, part 4 of 4:           0x30
  .noinit          uninit   0x4002'1000   0x30  main.o [1]
                          - 0x4002'1030   0x30

Unused ranges:

         From           To    Size
         ----           --    ----
   0x800'02f0   0x800'ffff  0xfd10
  0x2000'0818  0x2000'4fff  0x47e8


*******************************************************************************
*** INIT TABLE
***

          Address      Size
          -------      ----
Zero (__iar_zero_init3)
    1 destination range, total size 0x1:
          0x2000'0000   0x1



*******************************************************************************
*** MODULE SUMMARY
***

    Module            ro code  ro data  rw data  rw data
                                                  (abs)
    ------            -------  -------  -------  -------
command line/config:
    ----------------------------------------------------
    Total:

C:\Users\thinh\OneDrive\Máy tính\lib_stm32f103\C&C++\Embedded_C99\Microcontroller\stm32f10x\test_lib\stm32f103c8t6\Debug\Obj: [1]
    gpio.o                102
    led.o                 240                16
    main.o                148                 1      132
    ----------------------------------------------------
    Total:                490                17      132

dl7M_tln.a: [2]
    exit.o                  4
    low_level_init.o        4
    ----------------------------------------------------
    Total:                  8

rt7M_tl.a: [3]
    cexit.o                10
    cmain.o                30
    cstartup_M.o           12
    data_init.o            40
    vector_table_M.o       66
    zero_init3.o           58
    ----------------------------------------------------
    Total:                216

shb_l.a: [4]
    exit.o                 20
    ----------------------------------------------------
    Total:                 20

    Gaps                    2
    Linker created                  16    2'048
--------------------------------------------------------
    Grand Total:          736       16    2'065      132


*******************************************************************************
*** ENTRY LIST
***

Entry                       Address  Size  Type      Object
-----                       -------  ----  ----      ------
.iar.init_table$$Base    0x800'028c         --   Gb  - Linker created -
.iar.init_table$$Limit   0x800'029c         --   Gb  - Linker created -
?main                    0x800'029d        Code  Gb  cmain.o [3]
CFG_LED                  0x800'0131  0x40  Code  Gb  main.o [1]
CSTACK$$Base            0x2000'0018         --   Gb  - Linker created -
CSTACK$$Limit           0x2000'0818         --   Gb  - Linker created -
GPIOA                   0x4001'0800  0x1c  Data  Gb  main.o [1]
GPIOB                   0x4001'0c00  0x1c  Data  Gb  main.o [1]
GPIOC                   0x4001'1000  0x1c  Data  Gb  main.o [1]
GPIO_Mode                0x800'01c5  0x66  Code  Gb  gpio.o [1]
Led                     0x2000'0004  0x10  Data  Gb  led.o [1]
Led_Begin                0x800'0041  0x36  Code  Gb  led.o [1]
Led_Process              0x800'0077  0x84  Code  Gb  led.o [1]
RCC                     0x4002'1000  0x30  Data  Gb  main.o [1]
Region$$Table$$Base      0x800'028c         --   Gb  - Linker created -
Region$$Table$$Limit     0x800'029c         --   Gb  - Linker created -
__cmain                  0x800'029d        Code  Gb  cmain.o [3]
__exit                   0x800'02d1  0x14  Code  Gb  exit.o [4]
__iar_data_init3         0x800'0265  0x28  Code  Gb  data_init.o [3]
__iar_program_start      0x800'02e5        Code  Gb  cstartup_M.o [3]
__iar_zero_init3         0x800'022b  0x3a  Code  Gb  zero_init3.o [3]
__low_level_init         0x800'02bb   0x4  Code  Gb  low_level_init.o [2]
__vector_table           0x800'0000        Data  Gb  vector_table_M.o [3]
_call_main               0x800'02a9        Code  Gb  cmain.o [3]
_exit                    0x800'02c5        Code  Gb  cexit.o [3]
_main                    0x800'02b7        Code  Gb  cmain.o [3]
blink                   0x2000'0000   0x1  Data  Gb  main.o [1]
exit                     0x800'02bf   0x4  Code  Gb  exit.o [2]
led_Blink                0x800'00fb  0x32  Code  Gb  led.o [1]
main                     0x800'0171  0x44  Code  Gb  main.o [1]


[1] = C:\Users\thinh\OneDrive\Máy tính\lib_stm32f103\C&C++\Embedded_C99\Microcontroller\stm32f10x\test_lib\stm32f103c8t6\Debug\Obj
[2] = dl7M_tln.a
[3] = rt7M_tl.a
[4] = shb_l.a

    736 bytes of readonly  code memory
     16 bytes of readonly  data memory
  2'065 bytes of readwrite data memory (+ 132 absolute)

Errors: none
Warnings: none
